{
  "method": "textDocument/references",
  "result": [
    {
      "uri": "<PLACEHOLDER_PROJECT_URL>/__fixtures__/private-name.js",
      "range": {
        "start": {
          "line": 18,
          "character": 6
        },
        "end": {
          "line": 18,
          "character": 10
        }
      }
    },
    {
      "uri": "<PLACEHOLDER_PROJECT_URL>/__fixtures__/private-name.js",
      "range": {
        "start": {
          "line": 20,
          "character": 13
        },
        "end": {
          "line": 20,
          "character": 17
        }
      }
    }
  ]
}
