{
  "method": "textDocument/references",
  "result": [
    {
      "uri": "<PLACEHOLDER_PROJECT_URL>/__fixtures__/locals.js",
      "range": {
        "start": {
          "line": 22,
          "character": 8
        },
        "end": {
          "line": 22,
          "character": 9
        }
      }
    },
    {
      "uri": "<PLACEHOLDER_PROJECT_URL>/__fixtures__/locals.js",
      "range": {
        "start": {
          "line": 23,
          "character": 0
        },
        "end": {
          "line": 23,
          "character": 1
        }
      }
    },
    {
      "uri": "<PLACEHOLDER_PROJECT_URL>/__fixtures__/locals.js",
      "range": {
        "start": {
          "line": 25,
          "character": 2
        },
        "end": {
          "line": 25,
          "character": 3
        }
      }
    },
    {
      "uri": "<PLACEHOLDER_PROJECT_URL>/__fixtures__/locals.js",
      "range": {
        "start": {
          "line": 27,
          "character": 6
        },
        "end": {
          "line": 27,
          "character": 7
        }
      }
    },
    {
      "uri": "<PLACEHOLDER_PROJECT_URL>/__fixtures__/to_be_imported.js",
      "range": {
        "start": {
          "line": 2,
          "character": 13
        },
        "end": {
          "line": 2,
          "character": 14
        }
      }
    }
  ]
}
