{
  "method": "textDocument/references",
  "result": [
    {
      "uri": "<PLACEHOLDER_PROJECT_URL>/__fixtures__/locals.js",
      "range": {
        "start": {
          "line": 4,
          "character": 0
        },
        "end": {
          "line": 4,
          "character": 3
        }
      }
    },
    {
      "uri": "<PLACEHOLDER_PROJECT_URL>/__fixtures__/locals.js",
      "range": {
        "start": {
          "line": 5,
          "character": 0
        },
        "end": {
          "line": 5,
          "character": 3
        }
      }
    },
    {
      "uri": "<PLACEHOLDER_PROJECT_URL>/__fixtures__/locals.js",
      "range": {
        "start": {
          "line": 6,
          "character": 0
        },
        "end": {
          "line": 6,
          "character": 3
        }
      }
    }
  ]
}
