{
  "method": "textDocument/codeAction",
  "result": [
    {
      "title": "Add missing attributes",
      "kind": "quickfix",
      "diagnostics": [],
      "edit": {
        "changes": {
          "<PLACEHOLDER_PROJECT_URL>/add-missing-attributes.js": [
            {
              "range": {
                "start": {
                  "line": 31,
                  "character": 15
                },
                "end": {
                  "line": 31,
                  "character": 15
                }
              },
              "newText": " foo={foo}"
            }
          ]
        }
      }
    }
  ]
}
