{
  "method": "textDocument/codeAction",
  "result": [
    {
      "title": "Add missing attributes",
      "kind": "quickfix",
      "diagnostics": [],
      "edit": {
        "changes": {
          "<PLACEHOLDER_PROJECT_URL>/add-missing-attributes.js": [
            {
              "range": {
                "start": {
                  "line": 66,
                  "character": 11
                },
                "end": {
                  "line": 66,
                  "character": 28
                }
              },
              "newText": "<Foo foo={foo}><div /></Foo>"
            }
          ]
        }
      }
    }
  ]
}
