{
  "method": "textDocument/codeAction",
  "result": [
    {
      "title": "Replace `Foobat` with `Foobar`",
      "kind": "quickfix",
      "diagnostics": [
        {
          "range": {
            "start": {
              "line": 6,
              "character": 2
            },
            "end": {
              "line": 6,
              "character": 8
            }
          },
          "severity": 1,
          "code": "InferError",
          "source": "Flow",
          "message": "Cannot access property `Foobat` because `Foobat` is not a member of `enum E`. Did you meanthe member `Foobar`?",
          "relatedInformation": [],
          "relatedLocations": []
        }
      ],
      "edit": {
        "changes": {
          "<PLACEHOLDER_PROJECT_URL>/invalid-enum-member-access.js": [
            {
              "range": {
                "start": {
                  "line": 6,
                  "character": 2
                },
                "end": {
                  "line": 6,
                  "character": 8
                }
              },
              "newText": "Foobar"
            }
          ]
        }
      },
      "command": {
        "title": "",
        "command": "log:org.flow:<PLACEHOLDER_PROJECT_URL>",
        "arguments": [
          "textDocument/codeAction",
          "replace_enum_prop_typo_at_target",
          "Replace `Foobat` with `Foobar`"
        ]
      }
    }
  ]
}
