{
  "method": "textDocument/codeAction",
  "result": [
    {
      "title": "Replace `faceboy` with `facebook`",
      "kind": "quickfix",
      "diagnostics": [
        {
          "range": {
            "start": {
              "line": 3,
              "character": 2
            },
            "end": {
              "line": 3,
              "character": 11
            }
          },
          "severity": 1,
          "code": "InferError",
          "source": "Flow",
          "message": "Cannot get `x.faceboy` because property `faceboy` (did you mean `facebook`?) is missing in  object type [1].",
          "relatedInformation": [],
          "relatedLocations": []
        }
      ],
      "edit": {
        "changes": {
          "<PLACEHOLDER_PROJECT_URL>/prop-missing-bracket-syntax.js": [
            {
              "range": {
                "start": {
                  "line": 3,
                  "character": 2
                },
                "end": {
                  "line": 3,
                  "character": 11
                }
              },
              "newText": "\"facebook\""
            }
          ]
        }
      },
      "command": {
        "title": "",
        "command": "log:org.flow:<PLACEHOLDER_PROJECT_URL>",
        "arguments": [
          "textDocument/codeAction",
          "replace_prop_typo_at_target",
          "Replace `faceboy` with `facebook`"
        ]
      }
    }
  ]
}
