{
  "method": "textDocument/codeAction",
  "result": [
    {
      "title": "Rewrite `T` as an interface",
      "kind": "quickfix",
      "diagnostics": [
        {
          "range": {
            "start": {
              "line": 18,
              "character": 4
            },
            "end": {
              "line": 18,
              "character": 4
            }
          },
          "severity": 1,
          "code": "InferError",
          "source": "Flow",
          "message": "Cannot call `baz` with object literal bound to `_` because cannot subtype class  `A` [1] with  object type [2]. Please use an interface instead in property `i`.",
          "relatedInformation": [],
          "relatedLocations": []
        }
      ],
      "edit": {
        "changes": {
          "<PLACEHOLDER_PROJECT_URL>/class-object-subtype.js": [
            {
              "range": {
                "start": {
                  "line": 14,
                  "character": 9
                },
                "end": {
                  "line": 14,
                  "character": 27
                }
              },
              "newText": "interface { x: number }"
            }
          ]
        }
      },
      "command": {
        "title": "",
        "command": "log:org.flow:<PLACEHOLDER_PROJECT_URL>",
        "arguments": [
          "textDocument/codeAction",
          "replace_obj_with_interface",
          "Rewrite `T` as an interface"
        ]
      }
    }
  ]
}
