{
  "method": "textDocument/codeAction",
  "result": [
    {
      "title": "Add optional chaining for object that might be `null`",
      "kind": "quickfix",
      "diagnostics": [],
      "edit": {
        "changes": {
          "<PLACEHOLDER_PROJECT_URL>/add-optional-chaining.js": [
            {
              "range": {
                "start": {
                  "line": 3,
                  "character": 0
                },
                "end": {
                  "line": 3,
                  "character": 7
                }
              },
              "newText": "foo?.bar"
            }
          ]
        }
      },
      "command": {
        "title": "",
        "command": "log:org.flow:<PLACEHOLDER_PROJECT_URL>",
        "arguments": [
          "textDocument/codeAction",
          "add_optional_chaining",
          "Add optional chaining for object that might be `null`"
        ]
      }
    },
    {
      "title": "Add optional chaining for object that might be `undefined`",
      "kind": "quickfix",
      "diagnostics": [],
      "edit": {
        "changes": {
          "<PLACEHOLDER_PROJECT_URL>/add-optional-chaining.js": [
            {
              "range": {
                "start": {
                  "line": 3,
                  "character": 0
                },
                "end": {
                  "line": 3,
                  "character": 7
                }
              },
              "newText": "foo?.bar"
            }
          ]
        }
      },
      "command": {
        "title": "",
        "command": "log:org.flow:<PLACEHOLDER_PROJECT_URL>",
        "arguments": [
          "textDocument/codeAction",
          "add_optional_chaining",
          "Add optional chaining for object that might be `undefined`"
        ]
      }
    }
  ]
}
