{
  "method": "textDocument/codeAction",
  "result": [
    {
      "title": "Convert to type cast `(<expr>: <type>)`",
      "kind": "quickfix",
      "diagnostics": [],
      "edit": {
        "changes": {
          "<PLACEHOLDER_PROJECT_URL>/fix-as-expression.js": [
            {
              "range": {
                "start": {
                  "line": 2,
                  "character": 0
                },
                "end": {
                  "line": 2,
                  "character": 14
                }
              },
              "newText": "(\"foo\": mixed)"
            }
          ]
        }
      },
      "command": {
        "title": "",
        "command": "log:org.flow:<PLACEHOLDER_PROJECT_URL>",
        "arguments": [
          "textDocument/codeAction",
          "convert_as_expression",
          "Convert to type cast `(<expr>: <type>)`"
        ]
      }
    }
  ]
}
