{
  "method": "textDocument/rename",
  "result": {
    "changes": {
      "<PLACEHOLDER_PROJECT_URL>/__fixtures__/locals.js": [
        {
          "range": {
            "start": {
              "line": 24,
              "character": 14
            },
            "end": {
              "line": 24,
              "character": 18
            }
          },
          "newText": "NEW_NAME"
        },
        {
          "range": {
            "start": {
              "line": 26,
              "character": 6
            },
            "end": {
              "line": 26,
              "character": 10
            }
          },
          "newText": "NEW_NAME"
        }
      ]
    }
  }
}
