{
  "method": "textDocument/codeAction",
  "result": [
    {
      "title": "Add JSDoc documentation",
      "kind": "refactor",
      "diagnostics": [],
      "edit": {
        "changes": {
          "<PLACEHOLDER_PROJECT_URL>/insert-jsdoc.js": [
            {
              "range": {
                "start": {
                  "line": 11,
                  "character": 0
                },
                "end": {
                  "line": 11,
                  "character": 0
                }
              },
              "newText": "/**\n * $0\n */\n"
            }
          ]
        }
      }
    }
  ]
}
