{
  "method": "textDocument/rename",
  "result": {
    "changes": {
      "<PLACEHOLDER_PROJECT_URL>/__fixtures__/private-name.js": [
        {
          "range": {
            "start": {
              "line": 5,
              "character": 4
            },
            "end": {
              "line": 10,
              "character": 5
            }
          },
          "newText": "class Bar {\n      #NEW_NAME(f: Foo, b: Bar) {\n        f.#foo;\n        b.#NEW_NAME(f, b);\n      }\n    }"
        }
      ]
    }
  }
}
