{
  "method": "textDocument/rename",
  "result": {
    "changes": {
      "<PLACEHOLDER_PROJECT_URL>/__fixtures__/private-name.js": [
        {
          "range": {
            "start": {
              "line": 15,
              "character": 2
            },
            "end": {
              "line": 15,
              "character": 11
            }
          },
          "newText": "NEW_NAME = 1;"
        },
        {
          "range": {
            "start": {
              "line": 23,
              "character": 4
            },
            "end": {
              "line": 23,
              "character": 13
            }
          },
          "newText": "this.NEW_NAME"
        }
      ]
    }
  }
}
